Serious error: Http_protocol(Nethttp_client.Bad_message("Protocol error"))
Reply:
This is a simple answer; only one line.
