Http_protocol: Nethttp_client.Timeout("direct connection to localhost:X")
